2026-09-14 19:18:26,690 INFO cli_configuration.py:157 [MainThread] - Set up MF CLI logging
  root_logger_level: INFO
  root_logger_handlers:
    [
      <StreamHandler <stderr> (CRITICAL)>,
      <TimedRotatingFileHandler C:\Users\alber\OneDrive\Data Engineering\Projects\kpi-nodejs\kpi-dashboard-orig\kpi-dashboard\marketplace\dbt\logs\metricflow.log (INFO)>,
    ]
  previous_root_logger_level: WARNING
  previous_root_logger_handlers: (<StreamHandler <stderr> (NOTSET)>,)
  log_format: %(asctime)s %(levelname)s %(filename)s:%(lineno)d [%(threadName)s] - %(message)s
2026-09-14 19:18:27,512 ERROR utils.py:172 [MainThread] - Logging exception handled by the CLI exception handler
Traceback (most recent call last):
  File "C:\Users\alber\AppData\Local\Programs\Python\Python311\Lib\site-packages\halo\halo.py", line 410, in _render_frame
    self._write(output)
  File "C:\Users\alber\AppData\Local\Programs\Python\Python311\Lib\site-packages\halo\halo.py", line 305, in _write
    self._stream.write(s)
  File "C:\Users\alber\AppData\Local\Programs\Python\Python311\Lib\site-packages\colorama\ansitowin32.py", line 47, in write
    self.__convertor.write(text)
  File "C:\Users\alber\AppData\Local\Programs\Python\Python311\Lib\site-packages\colorama\ansitowin32.py", line 177, in write
    self.write_and_convert(text)
  File "C:\Users\alber\AppData\Local\Programs\Python\Python311\Lib\site-packages\colorama\ansitowin32.py", line 205, in write_and_convert
    self.write_plain_text(text, cursor, len(text))
  File "C:\Users\alber\AppData\Local\Programs\Python\Python311\Lib\site-packages\colorama\ansitowin32.py", line 210, in write_plain_text
    self.wrapped.write(text[start:end])
  File "C:\Users\alber\AppData\Local\Programs\Python\Python311\Lib\encodings\cp1252.py", line 19, in encode
    return codecs.charmap_encode(input,self.errors,encoding_table)[0]
           ^^^^^^^^^^^^^^^^^^^^^^^^^^^^^^^^^^^^^^^^^^^^^^^^^^^^^^^
UnicodeEncodeError: 'charmap' codec can't encode character '\U0001f50d' in position 3: character maps to <undefined>

During handling of the above exception, another exception occurred:

Traceback (most recent call last):
  File "C:\Users\alber\AppData\Local\Programs\Python\Python311\Lib\site-packages\dbt_metricflow\cli\utils.py", line 169, in wrapper
    func(*args, **kwargs)
  File "C:\Users\alber\AppData\Local\Programs\Python\Python311\Lib\site-packages\metricflow\telemetry\reporter.py", line 150, in wrapped
    return func(*args, **kwargs)
           ^^^^^^^^^^^^^^^^^^^^^
  File "C:\Users\alber\AppData\Local\Programs\Python\Python311\Lib\site-packages\dbt_metricflow\cli\main.py", line 318, in metrics
    spinner.start()
  File "C:\Users\alber\AppData\Local\Programs\Python\Python311\Lib\site-packages\halo\halo.py", line 498, in start
    self._render_frame()
  File "C:\Users\alber\AppData\Local\Programs\Python\Python311\Lib\site-packages\halo\halo.py", line 412, in _render_frame
    self._write(encode_utf_8_text(output))
  File "C:\Users\alber\AppData\Local\Programs\Python\Python311\Lib\site-packages\halo\halo.py", line 305, in _write
    self._stream.write(s)
  File "C:\Users\alber\AppData\Local\Programs\Python\Python311\Lib\site-packages\colorama\ansitowin32.py", line 47, in write
    self.__convertor.write(text)
  File "C:\Users\alber\AppData\Local\Programs\Python\Python311\Lib\site-packages\colorama\ansitowin32.py", line 177, in write
    self.write_and_convert(text)
  File "C:\Users\alber\AppData\Local\Programs\Python\Python311\Lib\site-packages\colorama\ansitowin32.py", line 199, in write_and_convert
    text = self.convert_osc(text)
           ^^^^^^^^^^^^^^^^^^^^^^
  File "C:\Users\alber\AppData\Local\Programs\Python\Python311\Lib\site-packages\colorama\ansitowin32.py", line 261, in convert_osc
    for match in self.ANSI_OSC_RE.finditer(text):
                 ^^^^^^^^^^^^^^^^^^^^^^^^^^^^^^^
TypeError: cannot use a string pattern on a bytes-like object
2026-09-14 19:19:05,604 INFO cli_configuration.py:157 [MainThread] - Set up MF CLI logging
  root_logger_level: INFO
  root_logger_handlers:
    [
      <StreamHandler <stderr> (CRITICAL)>,
      <TimedRotatingFileHandler C:\Users\alber\OneDrive\Data Engineering\Projects\kpi-nodejs\kpi-dashboard-orig\kpi-dashboard\marketplace\dbt\logs\metricflow.log (INFO)>,
    ]
  previous_root_logger_level: WARNING
  previous_root_logger_handlers: (<StreamHandler <stderr> (NOTSET)>,)
  log_format: %(asctime)s %(levelname)s %(filename)s:%(lineno)d [%(threadName)s] - %(message)s
2026-09-14 19:19:06,348 INFO graph_builder.py:87 [MainThread] - Generated semantic graph. (node_count=61, edge_count=91, duration=0.01 s)
2026-09-14 19:19:06,360 INFO performance_helpers.py:60 [MainThread] - [START D0] cache_output_data_sets for 11 nodes
2026-09-14 19:19:06,370 INFO performance_helpers.py:92 [MainThread] - [END D0] cache_output_data_sets for 11 nodes [duration=0.01 s]
2026-09-14 19:19:31,688 INFO cli_configuration.py:157 [MainThread] - Set up MF CLI logging
  root_logger_level: INFO
  root_logger_handlers:
    [
      <StreamHandler <stderr> (CRITICAL)>,
      <TimedRotatingFileHandler C:\Users\alber\OneDrive\Data Engineering\Projects\kpi-nodejs\kpi-dashboard-orig\kpi-dashboard\marketplace\dbt\logs\metricflow.log (INFO)>,
    ]
  previous_root_logger_level: WARNING
  previous_root_logger_handlers: (<StreamHandler <stderr> (NOTSET)>,)
  log_format: %(asctime)s %(levelname)s %(filename)s:%(lineno)d [%(threadName)s] - %(message)s
2026-09-14 19:19:32,231 INFO graph_builder.py:87 [MainThread] - Generated semantic graph. (node_count=61, edge_count=91, duration=0.00 s)
2026-09-14 19:19:32,238 INFO performance_helpers.py:60 [MainThread] - [START D0] cache_output_data_sets for 11 nodes
2026-09-14 19:19:32,248 INFO performance_helpers.py:92 [MainThread] - [END D0] cache_output_data_sets for 11 nodes [duration=0.01 s]
2026-09-14 19:19:32,249 INFO metricflow_engine.py:523 [MainThread] - Starting query request
  mf_request:
    MetricFlowQueryRequest(
      request_id=MetricFlowRequestId(mf_rid='97e1c15h'),
      metric_names=['delay_analysis_avg_waiting_days'],
      group_by_names=['delay_analysis__workflow_stage'],
      limit=6,
      order_by_names=['-delay_analysis_avg_waiting_days'],
      min_max_only=False,
      apply_group_by=True,
      sql_optimization_level=O5,
      dataflow_plan_optimizations={SOURCE_SCAN},
      query_type=METRIC,
      output_column_order_mode=LEGACY_TYPE_GROUPED,
    )
2026-09-14 19:19:32,252 INFO performance_helpers.py:60 [MainThread] - [START D0] MetricFlowQueryParser.parse_and_validate_query()
2026-09-14 19:19:32,253 INFO performance_helpers.py:60 [MainThread] - [START D1] MetricFlowQueryResolver.resolve_query()
2026-09-14 19:19:32,257 INFO performance_helpers.py:60 [MainThread] - [START D2] WhereFilterSpecResolver.resolve_lookup()
2026-09-14 19:19:32,257 INFO performance_helpers.py:92 [MainThread] - [END D2] WhereFilterSpecResolver.resolve_lookup() [duration=0.00 s]
2026-09-14 19:19:32,258 INFO performance_helpers.py:92 [MainThread] - [END D1] MetricFlowQueryResolver.resolve_query() [duration=0.01 s]
2026-09-14 19:19:32,258 INFO performance_helpers.py:92 [MainThread] - [END D0] MetricFlowQueryParser.parse_and_validate_query() [duration=0.01 s]
2026-09-14 19:19:32,258 INFO metricflow_engine.py:615 [MainThread] - Building dataflow plan (dataflow_plan_optimizations={SOURCE_SCAN})
2026-09-14 19:19:32,264 INFO metricflow_engine.py:643 [MainThread] - Building execution plan
2026-09-14 19:19:32,264 INFO dataflow_to_sql.py:106 [MainThread] - Using option set for SQL generation:
  optimization_level: O5
  option_set:
    SqlGenerationOptionSet(
      optimizers=(
        <metricflow.sql.optimizer.column_pruning.column_pruner.SqlColumnPrunerOptimizer object at 0x00000221CE440490>,
        <metricflow.sql.optimizer.rewriting_sub_query_reducer.SqlRewritingSubQueryReducer object at 0x00000221CBD48090>,
        <metricflow.sql.optimizer.table_alias_simplifier.SqlTableAliasSimplifier object at 0x00000221CBD4AAD0>,
      ),
      allow_cte=True,
    )
2026-09-14 19:19:32,272 INFO adapter_backed_client.py:164 [MainThread] - Running query() statement
  statement:
    -- Read Elements From Semantic Model 'delay_analysis'
    -- Metric Time Dimension 'arrival_date'
    -- Select: ['__delay_analysis_avg_waiting_days', 'delay_analysis__workflow_stage']
    -- Select: ['__delay_analysis_avg_waiting_days', 'delay_analysis__workflow_stage']
    -- Aggregate Inputs for Simple Metrics
    -- Compute Metrics via Expressions
    -- Order By ['delay_analysis_avg_waiting_days'] Limit 6
    -- Write to DataTable
    SELECT
      workflow_stage AS delay_analysis__workflow_stage
      , AVG(avg_waiting_days) AS delay_analysis_avg_waiting_days
    FROM "iceberg"."marketplace"."delay_analysis" delay_analysis_src_10000
    GROUP BY
      workflow_stage
    ORDER BY delay_analysis_avg_waiting_days DESC
    LIMIT 6
  param_dict: {}
2026-09-14 19:19:35,190 INFO adapter_backed_client.py:170 [MainThread] - query() returned from dbt Adapter with response SUCCESS
2026-09-14 19:19:35,192 INFO adapter_backed_client.py:180 [MainThread] - Finished running query() (runtime=2.92s, returned_row_count=6)
2026-09-14 19:19:35,192 INFO metricflow_engine.py:543 [MainThread] - Finished query request (request_id=MetricFlowRequestId(mf_rid='97e1c15h'))
2026-09-14 19:20:01,703 INFO cli_configuration.py:157 [MainThread] - Set up MF CLI logging
  root_logger_level: INFO
  root_logger_handlers:
    [
      <StreamHandler <stderr> (CRITICAL)>,
      <TimedRotatingFileHandler C:\Users\alber\OneDrive\Data Engineering\Projects\kpi-nodejs\kpi-dashboard-orig\kpi-dashboard\marketplace\dbt\logs\metricflow.log (INFO)>,
    ]
  previous_root_logger_level: WARNING
  previous_root_logger_handlers: (<StreamHandler <stderr> (NOTSET)>,)
  log_format: %(asctime)s %(levelname)s %(filename)s:%(lineno)d [%(threadName)s] - %(message)s
2026-09-14 19:20:02,273 INFO graph_builder.py:87 [MainThread] - Generated semantic graph. (node_count=61, edge_count=91, duration=0.00 s)
2026-09-14 19:20:02,282 INFO performance_helpers.py:60 [MainThread] - [START D0] cache_output_data_sets for 11 nodes
2026-09-14 19:20:02,289 INFO performance_helpers.py:92 [MainThread] - [END D0] cache_output_data_sets for 11 nodes [duration=0.01 s]
2026-09-14 19:20:02,290 INFO performance_helpers.py:60 [MainThread] - [START D0] Explain Request
2026-09-14 19:20:02,290 INFO performance_helpers.py:60 [MainThread] - [START D1] MetricFlowQueryParser.parse_and_validate_query()
2026-09-14 19:20:02,290 INFO performance_helpers.py:60 [MainThread] - [START D2] MetricFlowQueryResolver.resolve_query()
2026-09-14 19:20:02,293 INFO performance_helpers.py:60 [MainThread] - [START D3] WhereFilterSpecResolver.resolve_lookup()
2026-09-14 19:20:02,294 INFO performance_helpers.py:92 [MainThread] - [END D3] WhereFilterSpecResolver.resolve_lookup() [duration=0.00 s]
2026-09-14 19:20:02,294 INFO performance_helpers.py:92 [MainThread] - [END D2] MetricFlowQueryResolver.resolve_query() [duration=0.00 s]
2026-09-14 19:20:02,294 INFO performance_helpers.py:92 [MainThread] - [END D1] MetricFlowQueryParser.parse_and_validate_query() [duration=0.00 s]
2026-09-14 19:20:02,295 INFO metricflow_engine.py:615 [MainThread] - Building dataflow plan (dataflow_plan_optimizations={SOURCE_SCAN})
2026-09-14 19:20:02,299 INFO metricflow_engine.py:643 [MainThread] - Building execution plan
2026-09-14 19:20:02,299 INFO dataflow_to_sql.py:106 [MainThread] - Using option set for SQL generation:
  optimization_level: O5
  option_set:
    SqlGenerationOptionSet(
      optimizers=(
        <metricflow.sql.optimizer.column_pruning.column_pruner.SqlColumnPrunerOptimizer object at 0x00000244D84C9410>,
        <metricflow.sql.optimizer.rewriting_sub_query_reducer.SqlRewritingSubQueryReducer object at 0x00000244D84D7D90>,
        <metricflow.sql.optimizer.table_alias_simplifier.SqlTableAliasSimplifier object at 0x00000244D84BC250>,
      ),
      allow_cte=True,
    )
2026-09-14 19:20:02,304 INFO performance_helpers.py:92 [MainThread] - [END D0] Explain Request [duration=0.01 s]
2026-09-14 19:37:32,076 INFO cli_configuration.py:157 [MainThread] - Set up MF CLI logging
  root_logger_level: INFO
  root_logger_handlers:
    [
      <StreamHandler <stderr> (CRITICAL)>,
      <TimedRotatingFileHandler C:\Users\alber\OneDrive\Data Engineering\Projects\kpi-nodejs\kpi-dashboard-orig\kpi-dashboard\marketplace\dbt\logs\metricflow.log (INFO)>,
    ]
  previous_root_logger_level: WARNING
  previous_root_logger_handlers: (<StreamHandler <stderr> (NOTSET)>,)
  log_format: %(asctime)s %(levelname)s %(filename)s:%(lineno)d [%(threadName)s] - %(message)s
2026-09-14 19:37:32,702 ERROR utils.py:172 [MainThread] - Logging exception handled by the CLI exception handler
Traceback (most recent call last):
  File "C:\Users\alber\AppData\Local\Programs\Python\Python311\Lib\site-packages\halo\halo.py", line 410, in _render_frame
    self._write(output)
  File "C:\Users\alber\AppData\Local\Programs\Python\Python311\Lib\site-packages\halo\halo.py", line 305, in _write
    self._stream.write(s)
  File "C:\Users\alber\AppData\Local\Programs\Python\Python311\Lib\site-packages\colorama\ansitowin32.py", line 47, in write
    self.__convertor.write(text)
  File "C:\Users\alber\AppData\Local\Programs\Python\Python311\Lib\site-packages\colorama\ansitowin32.py", line 177, in write
    self.write_and_convert(text)
  File "C:\Users\alber\AppData\Local\Programs\Python\Python311\Lib\site-packages\colorama\ansitowin32.py", line 205, in write_and_convert
    self.write_plain_text(text, cursor, len(text))
  File "C:\Users\alber\AppData\Local\Programs\Python\Python311\Lib\site-packages\colorama\ansitowin32.py", line 210, in write_plain_text
    self.wrapped.write(text[start:end])
  File "C:\Users\alber\AppData\Local\Programs\Python\Python311\Lib\encodings\cp1252.py", line 19, in encode
    return codecs.charmap_encode(input,self.errors,encoding_table)[0]
           ^^^^^^^^^^^^^^^^^^^^^^^^^^^^^^^^^^^^^^^^^^^^^^^^^^^^^^^
UnicodeEncodeError: 'charmap' codec can't encode character '\U0001f50d' in position 3: character maps to <undefined>

During handling of the above exception, another exception occurred:

Traceback (most recent call last):
  File "C:\Users\alber\AppData\Local\Programs\Python\Python311\Lib\site-packages\dbt_metricflow\cli\utils.py", line 169, in wrapper
    func(*args, **kwargs)
  File "C:\Users\alber\AppData\Local\Programs\Python\Python311\Lib\site-packages\metricflow\telemetry\reporter.py", line 150, in wrapped
    return func(*args, **kwargs)
           ^^^^^^^^^^^^^^^^^^^^^
  File "C:\Users\alber\AppData\Local\Programs\Python\Python311\Lib\site-packages\dbt_metricflow\cli\main.py", line 318, in metrics
    spinner.start()
  File "C:\Users\alber\AppData\Local\Programs\Python\Python311\Lib\site-packages\halo\halo.py", line 498, in start
    self._render_frame()
  File "C:\Users\alber\AppData\Local\Programs\Python\Python311\Lib\site-packages\halo\halo.py", line 412, in _render_frame
    self._write(encode_utf_8_text(output))
  File "C:\Users\alber\AppData\Local\Programs\Python\Python311\Lib\site-packages\halo\halo.py", line 305, in _write
    self._stream.write(s)
  File "C:\Users\alber\AppData\Local\Programs\Python\Python311\Lib\site-packages\colorama\ansitowin32.py", line 47, in write
    self.__convertor.write(text)
  File "C:\Users\alber\AppData\Local\Programs\Python\Python311\Lib\site-packages\colorama\ansitowin32.py", line 177, in write
    self.write_and_convert(text)
  File "C:\Users\alber\AppData\Local\Programs\Python\Python311\Lib\site-packages\colorama\ansitowin32.py", line 199, in write_and_convert
    text = self.convert_osc(text)
           ^^^^^^^^^^^^^^^^^^^^^^
  File "C:\Users\alber\AppData\Local\Programs\Python\Python311\Lib\site-packages\colorama\ansitowin32.py", line 261, in convert_osc
    for match in self.ANSI_OSC_RE.finditer(text):
                 ^^^^^^^^^^^^^^^^^^^^^^^^^^^^^^^
TypeError: cannot use a string pattern on a bytes-like object
2026-09-14 19:38:01,045 INFO cli_configuration.py:157 [MainThread] - Set up MF CLI logging
  root_logger_level: INFO
  root_logger_handlers:
    [
      <StreamHandler <stderr> (CRITICAL)>,
      <TimedRotatingFileHandler C:\Users\alber\OneDrive\Data Engineering\Projects\kpi-nodejs\kpi-dashboard-orig\kpi-dashboard\marketplace\dbt\logs\metricflow.log (INFO)>,
    ]
  previous_root_logger_level: WARNING
  previous_root_logger_handlers: (<StreamHandler <stderr> (NOTSET)>,)
  log_format: %(asctime)s %(levelname)s %(filename)s:%(lineno)d [%(threadName)s] - %(message)s
2026-09-14 19:38:01,831 INFO graph_builder.py:87 [MainThread] - Generated semantic graph. (node_count=61, edge_count=91, duration=0.01 s)
2026-09-14 19:38:01,838 INFO performance_helpers.py:60 [MainThread] - [START D0] cache_output_data_sets for 11 nodes
2026-09-14 19:38:01,846 INFO performance_helpers.py:92 [MainThread] - [END D0] cache_output_data_sets for 11 nodes [duration=0.01 s]
2026-09-14 19:38:15,189 INFO cli_configuration.py:157 [MainThread] - Set up MF CLI logging
  root_logger_level: INFO
  root_logger_handlers:
    [
      <StreamHandler <stderr> (CRITICAL)>,
      <TimedRotatingFileHandler C:\Users\alber\OneDrive\Data Engineering\Projects\kpi-nodejs\kpi-dashboard-orig\kpi-dashboard\marketplace\dbt\logs\metricflow.log (INFO)>,
    ]
  previous_root_logger_level: WARNING
  previous_root_logger_handlers: (<StreamHandler <stderr> (NOTSET)>,)
  log_format: %(asctime)s %(levelname)s %(filename)s:%(lineno)d [%(threadName)s] - %(message)s
2026-09-14 19:38:15,971 INFO graph_builder.py:87 [MainThread] - Generated semantic graph. (node_count=61, edge_count=91, duration=0.01 s)
2026-09-14 19:38:15,979 INFO performance_helpers.py:60 [MainThread] - [START D0] cache_output_data_sets for 11 nodes
2026-09-14 19:38:15,987 INFO performance_helpers.py:92 [MainThread] - [END D0] cache_output_data_sets for 11 nodes [duration=0.01 s]
2026-09-14 19:38:15,988 INFO metricflow_engine.py:523 [MainThread] - Starting query request
  mf_request:
    MetricFlowQueryRequest(
      request_id=MetricFlowRequestId(mf_rid='l26slzh9'),
      metric_names=['application_throughput_applications_overdue'],
      group_by_names=['application_throughput__process'],
      min_max_only=False,
      apply_group_by=True,
      sql_optimization_level=O5,
      dataflow_plan_optimizations={SOURCE_SCAN},
      query_type=METRIC,
      output_column_order_mode=LEGACY_TYPE_GROUPED,
    )
2026-09-14 19:38:15,990 INFO performance_helpers.py:60 [MainThread] - [START D0] MetricFlowQueryParser.parse_and_validate_query()
2026-09-14 19:38:15,990 INFO performance_helpers.py:60 [MainThread] - [START D1] MetricFlowQueryResolver.resolve_query()
2026-09-14 19:38:15,994 INFO performance_helpers.py:60 [MainThread] - [START D2] WhereFilterSpecResolver.resolve_lookup()
2026-09-14 19:38:15,995 INFO performance_helpers.py:92 [MainThread] - [END D2] WhereFilterSpecResolver.resolve_lookup() [duration=0.00 s]
2026-09-14 19:38:15,995 INFO performance_helpers.py:92 [MainThread] - [END D1] MetricFlowQueryResolver.resolve_query() [duration=0.00 s]
2026-09-14 19:38:15,996 INFO performance_helpers.py:92 [MainThread] - [END D0] MetricFlowQueryParser.parse_and_validate_query() [duration=0.01 s]
2026-09-14 19:38:15,996 INFO metricflow_engine.py:615 [MainThread] - Building dataflow plan (dataflow_plan_optimizations={SOURCE_SCAN})
2026-09-14 19:38:16,001 INFO metricflow_engine.py:643 [MainThread] - Building execution plan
2026-09-14 19:38:16,001 INFO dataflow_to_sql.py:106 [MainThread] - Using option set for SQL generation:
  optimization_level: O5
  option_set:
    SqlGenerationOptionSet(
      optimizers=(
        <metricflow.sql.optimizer.column_pruning.column_pruner.SqlColumnPrunerOptimizer object at 0x000001341F873BD0>,
        <metricflow.sql.optimizer.rewriting_sub_query_reducer.SqlRewritingSubQueryReducer object at 0x000001341F872590>,
        <metricflow.sql.optimizer.table_alias_simplifier.SqlTableAliasSimplifier object at 0x000001341F84F050>,
      ),
      allow_cte=True,
    )
2026-09-14 19:38:16,014 INFO adapter_backed_client.py:164 [MainThread] - Running query() statement
  statement:
    -- Read Elements From Semantic Model 'application_throughput'
    -- Metric Time Dimension 'arrival_date'
    -- Select: ['__application_throughput_applications_overdue', 'application_throughput__process']
    -- Select: ['__application_throughput_applications_overdue', 'application_throughput__process']
    -- Aggregate Inputs for Simple Metrics
    -- Compute Metrics via Expressions
    -- Write to DataTable
    SELECT
      process AS application_throughput__process
      , SUM(applications_overdue) AS application_throughput_applications_overdue
    FROM "iceberg"."marketplace"."application_throughput" application_throughput_src_10000
    GROUP BY
      process
  param_dict: {}
2026-09-14 19:38:18,908 INFO adapter_backed_client.py:170 [MainThread] - query() returned from dbt Adapter with response SUCCESS
2026-09-14 19:38:18,912 INFO adapter_backed_client.py:180 [MainThread] - Finished running query() (runtime=2.90s, returned_row_count=3)
2026-09-14 19:38:18,912 INFO metricflow_engine.py:543 [MainThread] - Finished query request (request_id=MetricFlowRequestId(mf_rid='l26slzh9'))
2026-09-14 21:27:27,727 INFO cli_configuration.py:157 [MainThread] - Set up MF CLI logging
  root_logger_level: INFO
  root_logger_handlers:
    [
      <StreamHandler <stderr> (CRITICAL)>,
      <TimedRotatingFileHandler C:\Users\alber\OneDrive\Data Engineering\Projects\kpi-nodejs\kpi-dashboard-orig\kpi-dashboard\marketplace\dbt\logs\metricflow.log (INFO)>,
    ]
  previous_root_logger_level: WARNING
  previous_root_logger_handlers: (<StreamHandler <stderr> (NOTSET)>,)
  log_format: %(asctime)s %(levelname)s %(filename)s:%(lineno)d [%(threadName)s] - %(message)s
2026-09-14 21:27:28,459 ERROR utils.py:172 [MainThread] - Logging exception handled by the CLI exception handler
Traceback (most recent call last):
  File "C:\Users\alber\AppData\Local\Programs\Python\Python311\Lib\site-packages\halo\halo.py", line 410, in _render_frame
    self._write(output)
  File "C:\Users\alber\AppData\Local\Programs\Python\Python311\Lib\site-packages\halo\halo.py", line 305, in _write
    self._stream.write(s)
  File "C:\Users\alber\AppData\Local\Programs\Python\Python311\Lib\site-packages\colorama\ansitowin32.py", line 47, in write
    self.__convertor.write(text)
  File "C:\Users\alber\AppData\Local\Programs\Python\Python311\Lib\site-packages\colorama\ansitowin32.py", line 177, in write
    self.write_and_convert(text)
  File "C:\Users\alber\AppData\Local\Programs\Python\Python311\Lib\site-packages\colorama\ansitowin32.py", line 205, in write_and_convert
    self.write_plain_text(text, cursor, len(text))
  File "C:\Users\alber\AppData\Local\Programs\Python\Python311\Lib\site-packages\colorama\ansitowin32.py", line 210, in write_plain_text
    self.wrapped.write(text[start:end])
  File "C:\Users\alber\AppData\Local\Programs\Python\Python311\Lib\encodings\cp1252.py", line 19, in encode
    return codecs.charmap_encode(input,self.errors,encoding_table)[0]
           ^^^^^^^^^^^^^^^^^^^^^^^^^^^^^^^^^^^^^^^^^^^^^^^^^^^^^^^
UnicodeEncodeError: 'charmap' codec can't encode character '\U0001f50d' in position 3: character maps to <undefined>

During handling of the above exception, another exception occurred:

Traceback (most recent call last):
  File "C:\Users\alber\AppData\Local\Programs\Python\Python311\Lib\site-packages\dbt_metricflow\cli\utils.py", line 169, in wrapper
    func(*args, **kwargs)
  File "C:\Users\alber\AppData\Local\Programs\Python\Python311\Lib\site-packages\metricflow\telemetry\reporter.py", line 150, in wrapped
    return func(*args, **kwargs)
           ^^^^^^^^^^^^^^^^^^^^^
  File "C:\Users\alber\AppData\Local\Programs\Python\Python311\Lib\site-packages\dbt_metricflow\cli\main.py", line 318, in metrics
    spinner.start()
  File "C:\Users\alber\AppData\Local\Programs\Python\Python311\Lib\site-packages\halo\halo.py", line 498, in start
    self._render_frame()
  File "C:\Users\alber\AppData\Local\Programs\Python\Python311\Lib\site-packages\halo\halo.py", line 412, in _render_frame
    self._write(encode_utf_8_text(output))
  File "C:\Users\alber\AppData\Local\Programs\Python\Python311\Lib\site-packages\halo\halo.py", line 305, in _write
    self._stream.write(s)
  File "C:\Users\alber\AppData\Local\Programs\Python\Python311\Lib\site-packages\colorama\ansitowin32.py", line 47, in write
    self.__convertor.write(text)
  File "C:\Users\alber\AppData\Local\Programs\Python\Python311\Lib\site-packages\colorama\ansitowin32.py", line 177, in write
    self.write_and_convert(text)
  File "C:\Users\alber\AppData\Local\Programs\Python\Python311\Lib\site-packages\colorama\ansitowin32.py", line 199, in write_and_convert
    text = self.convert_osc(text)
           ^^^^^^^^^^^^^^^^^^^^^^
  File "C:\Users\alber\AppData\Local\Programs\Python\Python311\Lib\site-packages\colorama\ansitowin32.py", line 261, in convert_osc
    for match in self.ANSI_OSC_RE.finditer(text):
                 ^^^^^^^^^^^^^^^^^^^^^^^^^^^^^^^
TypeError: cannot use a string pattern on a bytes-like object
2026-09-14 21:28:06,210 INFO cli_configuration.py:157 [MainThread] - Set up MF CLI logging
  root_logger_level: INFO
  root_logger_handlers:
    [
      <StreamHandler <stderr> (CRITICAL)>,
      <TimedRotatingFileHandler C:\Users\alber\OneDrive\Data Engineering\Projects\kpi-nodejs\kpi-dashboard-orig\kpi-dashboard\marketplace\dbt\logs\metricflow.log (INFO)>,
    ]
  previous_root_logger_level: WARNING
  previous_root_logger_handlers: (<StreamHandler <stderr> (NOTSET)>,)
  log_format: %(asctime)s %(levelname)s %(filename)s:%(lineno)d [%(threadName)s] - %(message)s
2026-09-14 21:28:06,961 INFO graph_builder.py:87 [MainThread] - Generated semantic graph. (node_count=61, edge_count=91, duration=0.00 s)
2026-09-14 21:28:06,968 INFO performance_helpers.py:60 [MainThread] - [START D0] cache_output_data_sets for 11 nodes
2026-09-14 21:28:06,975 INFO performance_helpers.py:92 [MainThread] - [END D0] cache_output_data_sets for 11 nodes [duration=0.01 s]
2026-09-14 21:28:29,017 INFO cli_configuration.py:157 [MainThread] - Set up MF CLI logging
  root_logger_level: INFO
  root_logger_handlers:
    [
      <StreamHandler <stderr> (CRITICAL)>,
      <TimedRotatingFileHandler C:\Users\alber\OneDrive\Data Engineering\Projects\kpi-nodejs\kpi-dashboard-orig\kpi-dashboard\marketplace\dbt\logs\metricflow.log (INFO)>,
    ]
  previous_root_logger_level: WARNING
  previous_root_logger_handlers: (<StreamHandler <stderr> (NOTSET)>,)
  log_format: %(asctime)s %(levelname)s %(filename)s:%(lineno)d [%(threadName)s] - %(message)s
2026-09-14 21:28:29,610 INFO graph_builder.py:87 [MainThread] - Generated semantic graph. (node_count=61, edge_count=91, duration=0.00 s)
2026-09-14 21:28:29,617 INFO performance_helpers.py:60 [MainThread] - [START D0] cache_output_data_sets for 11 nodes
2026-09-14 21:28:29,624 INFO performance_helpers.py:92 [MainThread] - [END D0] cache_output_data_sets for 11 nodes [duration=0.01 s]
2026-09-14 21:28:29,624 INFO metricflow_engine.py:523 [MainThread] - Starting query request
  mf_request:
    MetricFlowQueryRequest(
      request_id=MetricFlowRequestId(mf_rid='r5llx86k'),
      metric_names=['delay_analysis_avg_waiting_days'],
      group_by_names=['delay_analysis__workflow_stage'],
      order_by_names=['-delay_analysis_avg_waiting_days'],
      min_max_only=False,
      apply_group_by=True,
      sql_optimization_level=O5,
      dataflow_plan_optimizations={SOURCE_SCAN},
      query_type=METRIC,
      output_column_order_mode=LEGACY_TYPE_GROUPED,
    )
2026-09-14 21:28:29,626 INFO performance_helpers.py:60 [MainThread] - [START D0] MetricFlowQueryParser.parse_and_validate_query()
2026-09-14 21:28:29,626 INFO performance_helpers.py:60 [MainThread] - [START D1] MetricFlowQueryResolver.resolve_query()
2026-09-14 21:28:29,630 INFO performance_helpers.py:60 [MainThread] - [START D2] WhereFilterSpecResolver.resolve_lookup()
2026-09-14 21:28:29,630 INFO performance_helpers.py:92 [MainThread] - [END D2] WhereFilterSpecResolver.resolve_lookup() [duration=0.00 s]
2026-09-14 21:28:29,631 INFO performance_helpers.py:92 [MainThread] - [END D1] MetricFlowQueryResolver.resolve_query() [duration=0.00 s]
2026-09-14 21:28:29,631 INFO performance_helpers.py:92 [MainThread] - [END D0] MetricFlowQueryParser.parse_and_validate_query() [duration=0.00 s]
2026-09-14 21:28:29,631 INFO metricflow_engine.py:615 [MainThread] - Building dataflow plan (dataflow_plan_optimizations={SOURCE_SCAN})
2026-09-14 21:28:29,634 INFO metricflow_engine.py:643 [MainThread] - Building execution plan
2026-09-14 21:28:29,635 INFO dataflow_to_sql.py:106 [MainThread] - Using option set for SQL generation:
  optimization_level: O5
  option_set:
    SqlGenerationOptionSet(
      optimizers=(
        <metricflow.sql.optimizer.column_pruning.column_pruner.SqlColumnPrunerOptimizer object at 0x000001A1F95C6790>,
        <metricflow.sql.optimizer.rewriting_sub_query_reducer.SqlRewritingSubQueryReducer object at 0x000001A1F96D3A50>,
        <metricflow.sql.optimizer.table_alias_simplifier.SqlTableAliasSimplifier object at 0x000001A1F9676F10>,
      ),
      allow_cte=True,
    )
2026-09-14 21:28:29,640 INFO adapter_backed_client.py:164 [MainThread] - Running query() statement
  statement:
    -- Read Elements From Semantic Model 'delay_analysis'
    -- Metric Time Dimension 'arrival_date'
    -- Select: ['__delay_analysis_avg_waiting_days', 'delay_analysis__workflow_stage']
    -- Select: ['__delay_analysis_avg_waiting_days', 'delay_analysis__workflow_stage']
    -- Aggregate Inputs for Simple Metrics
    -- Compute Metrics via Expressions
    -- Order By ['delay_analysis_avg_waiting_days']
    -- Write to DataTable
    SELECT
      workflow_stage AS delay_analysis__workflow_stage
      , AVG(avg_waiting_days) AS delay_analysis_avg_waiting_days
    FROM "iceberg"."marketplace"."delay_analysis" delay_analysis_src_10000
    GROUP BY
      workflow_stage
    ORDER BY delay_analysis_avg_waiting_days DESC
  param_dict: {}
2026-09-14 21:28:30,366 INFO adapter_backed_client.py:170 [MainThread] - query() returned from dbt Adapter with response SUCCESS
2026-09-14 21:28:30,370 INFO adapter_backed_client.py:180 [MainThread] - Finished running query() (runtime=0.73s, returned_row_count=22)
2026-09-14 21:28:30,370 INFO metricflow_engine.py:543 [MainThread] - Finished query request (request_id=MetricFlowRequestId(mf_rid='r5llx86k'))
2026-09-14 21:28:39,848 INFO cli_configuration.py:157 [MainThread] - Set up MF CLI logging
  root_logger_level: INFO
  root_logger_handlers:
    [
      <StreamHandler <stderr> (CRITICAL)>,
      <TimedRotatingFileHandler C:\Users\alber\OneDrive\Data Engineering\Projects\kpi-nodejs\kpi-dashboard-orig\kpi-dashboard\marketplace\dbt\logs\metricflow.log (INFO)>,
    ]
  previous_root_logger_level: WARNING
  previous_root_logger_handlers: (<StreamHandler <stderr> (NOTSET)>,)
  log_format: %(asctime)s %(levelname)s %(filename)s:%(lineno)d [%(threadName)s] - %(message)s
2026-09-14 21:28:40,394 INFO graph_builder.py:87 [MainThread] - Generated semantic graph. (node_count=61, edge_count=91, duration=0.00 s)
2026-09-14 21:28:40,400 INFO performance_helpers.py:60 [MainThread] - [START D0] cache_output_data_sets for 11 nodes
2026-09-14 21:28:40,407 INFO performance_helpers.py:92 [MainThread] - [END D0] cache_output_data_sets for 11 nodes [duration=0.01 s]
2026-09-14 21:28:40,408 INFO performance_helpers.py:60 [MainThread] - [START D0] Explain Request
2026-09-14 21:28:40,408 INFO performance_helpers.py:60 [MainThread] - [START D1] MetricFlowQueryParser.parse_and_validate_query()
2026-09-14 21:28:40,408 INFO performance_helpers.py:60 [MainThread] - [START D2] MetricFlowQueryResolver.resolve_query()
2026-09-14 21:28:40,411 INFO performance_helpers.py:60 [MainThread] - [START D3] WhereFilterSpecResolver.resolve_lookup()
2026-09-14 21:28:40,412 INFO performance_helpers.py:92 [MainThread] - [END D3] WhereFilterSpecResolver.resolve_lookup() [duration=0.00 s]
2026-09-14 21:28:40,412 INFO performance_helpers.py:92 [MainThread] - [END D2] MetricFlowQueryResolver.resolve_query() [duration=0.00 s]
2026-09-14 21:28:40,412 INFO performance_helpers.py:92 [MainThread] - [END D1] MetricFlowQueryParser.parse_and_validate_query() [duration=0.00 s]
2026-09-14 21:28:40,413 INFO metricflow_engine.py:615 [MainThread] - Building dataflow plan (dataflow_plan_optimizations={SOURCE_SCAN})
2026-09-14 21:28:40,417 INFO metricflow_engine.py:643 [MainThread] - Building execution plan
2026-09-14 21:28:40,417 INFO dataflow_to_sql.py:106 [MainThread] - Using option set for SQL generation:
  optimization_level: O5
  option_set:
    SqlGenerationOptionSet(
      optimizers=(
        <metricflow.sql.optimizer.column_pruning.column_pruner.SqlColumnPrunerOptimizer object at 0x000001AE43C61E50>,
        <metricflow.sql.optimizer.rewriting_sub_query_reducer.SqlRewritingSubQueryReducer object at 0x000001AE45E15ED0>,
        <metricflow.sql.optimizer.table_alias_simplifier.SqlTableAliasSimplifier object at 0x000001AE45D64690>,
      ),
      allow_cte=True,
    )
2026-09-14 21:28:40,423 INFO performance_helpers.py:92 [MainThread] - [END D0] Explain Request [duration=0.01 s]
